********** Results for MicroBench_DRAM_fp32_1**********
problem-size: 1024
local-size: 256
device-name: SYCL host device
sycl-implementation: UNKNOWN
throughput-metric: 2.000000 [GiB]
kernel-time-mean: N/A
kernel-time-stddev: N/A
kernel-time-median: N/A
kernel-time-min: N/A
kernel-time-samples: N/A
kernel-time-throughput: N/A
run-time-mean: 2.478159 [s]
run-time-stddev: 3.263230 [s]
run-time-median: 0.658241 [s]
run-time-min: 0.530743 [s]
run-time-samples: "0.530743 0.658241 6.245494"
run-time-throughput: 3.768300 [GiB/s]
Verification: PASS
********** Results for MicroBench_DRAM_fp32_2**********
problem-size: 1024
local-size: 256
device-name: SYCL host device
sycl-implementation: UNKNOWN
throughput-metric: 2.000000 [GiB]
kernel-time-mean: N/A
kernel-time-stddev: N/A
kernel-time-median: N/A
kernel-time-min: N/A
kernel-time-samples: N/A
kernel-time-throughput: N/A
run-time-mean: 0.658890 [s]
run-time-stddev: 0.000306 [s]
run-time-median: 0.658862 [s]
run-time-min: 0.658600 [s]
run-time-samples: "0.658600 0.658862 0.659209"
run-time-throughput: 3.036746 [GiB/s]
Verification: PASS
********** Results for MicroBench_DRAM_fp32_3**********
problem-size: 1024
local-size: 256
device-name: SYCL host device
sycl-implementation: UNKNOWN
throughput-metric: 2.000000 [GiB]
kernel-time-mean: N/A
kernel-time-stddev: N/A
kernel-time-median: N/A
kernel-time-min: N/A
kernel-time-samples: N/A
kernel-time-throughput: N/A
run-time-mean: 0.658891 [s]
run-time-stddev: 0.000803 [s]
run-time-median: 0.658528 [s]
run-time-min: 0.658334 [s]
run-time-samples: "0.658334 0.658528 0.659812"
run-time-throughput: 3.037971 [GiB/s]
Verification: PASS
