Error: std::bad_alloc
Error: std::bad_alloc
Error: std::bad_alloc
