********** Results for Polybench_Mvt**********
problem-size: 16384
local-size: 256
device-name: SYCL host device
sycl-implementation: UNKNOWN
throughput-metric: N/A
kernel-time-mean: N/A
kernel-time-stddev: N/A
kernel-time-median: N/A
kernel-time-min: N/A
kernel-time-samples: N/A
kernel-time-throughput: N/A
run-time-mean: 0.515962 [s]
run-time-stddev: 0.002224 [s]
run-time-median: 0.516207 [s]
run-time-min: 0.513626 [s]
run-time-samples: "0.513626 0.516207 0.518054"
run-time-throughput: N/A
Verification: PASS
